Every person you meet is an opportunity for kindness.